{
  "details": {
    "best_of_sequences": null,
    "finish_reason": "stop_sequence",
    "generated_tokens": 5,
    "prefill": [
      {
        "id": 1,
        "logprob": null,
        "text": "<s>"
      },
      {
        "id": 4321,
        "logprob": -8.6875,
        "text": "Test"
      },
      {
        "id": 2009,
        "logprob": -11.5546875,
        "text": "request"
      }
    ],
    "seed": 0,
    "tokens": [
      {
        "id": 5229,
        "logprob": -2.5683594,
        "special": false,
        "text": " failed"
      },
      {
        "id": 29901,
        "logprob": -0.45336914,
        "special": false,
        "text": ":"
      },
      {
        "id": 4829,
        "logprob": -1.8408203,
        "special": false,
        "text": " Error"
      },
      {
        "id": 297,
        "logprob": -1.0556641,
        "special": false,
        "text": " in"
      },
      {
        "id": 1243,
        "logprob": 0.0,
        "special": false,
        "text": " test"
      }
    ]
  },
  "generated_text": "Test requestfailed: Error in test"
}
